Flutter crash report.
Please report a bug at https://github.com/flutter/flutter/issues.

## command

flutter test --timeout=60s --concurrency=4

## exception

PathExistsException: PathExistsException: Cannot copy file to 'C:\dev\dukk\waddle-view\packages\waddle_shared\build\native_assets\windows\sqlite3.dll', path = 'C:\dev\dukk\waddle-view\.dart_tool\hooks_runner\shared\sqlite3\build\download-19c0b021\sqlite3.dll' (OS Error: Cannot create a file when that file already exists, errno = 183)

```
#0      _checkForErrorResponse (dart:io/common.dart:58:9)
#1      _File.copy.<anonymous closure> (dart:io/file_impl.dart:406:7)
#2      _rootRunUnary (dart:async/zone_root.dart:48:47)
#3      _CustomZone.runUnary (dart:async/zone.dart:733:19)
<asynchronous suspension>
#4      ForwardingFile.copy (package:file/src/forwarding/forwarding_file.dart:29:51)
<asynchronous suspension>
#5      ForwardingFile.copy (package:file/src/forwarding/forwarding_file.dart:29:51)
<asynchronous suspension>
#6      _copyNativeCodeAssetsToBundleOnWindowsLinux (package:flutter_tools/src/isolated/native_assets/native_assets.dart:649:5)
<asynchronous suspension>
#7      _copyNativeCodeAssetsForOS (package:flutter_tools/src/isolated/native_assets/native_assets.dart:463:7)
<asynchronous suspension>
#8      installCodeAssets (package:flutter_tools/src/isolated/native_assets/native_assets.dart:119:3)
<asynchronous suspension>
#9      testCompilerBuildNativeAssets (package:flutter_tools/src/isolated/native_assets/test/native_assets.dart:79:3)
<asynchronous suspension>
#10     TestCommand.runCommand (package:flutter_tools/src/commands/test.dart:484:11)
<asynchronous suspension>
#11     FlutterCommand.run.<anonymous closure> (package:flutter_tools/src/runner/flutter_command.dart:1590:27)
<asynchronous suspension>
#12     AppContext.run.<anonymous closure> (package:flutter_tools/src/base/context.dart:154:19)
<asynchronous suspension>
#13     CommandRunner.runCommand (package:args/command_runner.dart:212:13)
<asynchronous suspension>
#14     FlutterCommandRunner.runCommand.<anonymous closure> (package:flutter_tools/src/runner/flutter_command_runner.dart:496:9)
<asynchronous suspension>
#15     AppContext.run.<anonymous closure> (package:flutter_tools/src/base/context.dart:154:19)
<asynchronous suspension>
#16     FlutterCommandRunner.runCommand (package:flutter_tools/src/runner/flutter_command_runner.dart:431:5)
<asynchronous suspension>
#17     FlutterCommandRunner.run.<anonymous closure> (package:flutter_tools/src/runner/flutter_command_runner.dart:307:33)
<asynchronous suspension>
#18     run.<anonymous closure>.<anonymous closure> (package:flutter_tools/runner.dart:104:11)
<asynchronous suspension>
#19     AppContext.run.<anonymous closure> (package:flutter_tools/src/base/context.dart:154:19)
<asynchronous suspension>
#20     main (package:flutter_tools/executable.dart:103:3)
<asynchronous suspension>
```

## flutter doctor

```
[✓] Flutter (Channel stable, 3.41.9, on Microsoft Windows [Version 10.0.26200.8457], locale en-US) [3.0s]
    • Flutter version 3.41.9 on channel stable at C:\Users\dukk\develop\flutter
    • Upstream repository https://github.com/flutter/flutter.git
    • Framework revision 00b0c91f06 (3 weeks ago), 2026-04-29 10:03:19 -0700
    • Engine revision 42d3d75a56
    • Dart version 3.11.5
    • DevTools version 2.54.2
    • Feature flags: enable-web, enable-linux-desktop, enable-macos-desktop, enable-windows-desktop, enable-android, enable-ios, cli-animations, enable-native-assets, omit-legacy-version-file, enable-lldb-debugging, enable-uiscene-migration

[✓] Windows Version (11 Pro 64-bit, 25H2, 2009) [10.8s]

[✓] Android toolchain - develop for Android devices (Android SDK version 36.1.0) [7.8s]
    • Android SDK at C:\Users\dukk\AppData\Local\Android\sdk
    • Emulator version 36.5.11.0 (build_id 15261927) (CL:N/A)
    • Platform android-36.1, build-tools 36.1.0
    • Java binary at: C:\Program Files\Android\Android Studio\jbr\bin\java
      This is the JDK bundled with the latest Android Studio installation on this machine.
      To manually set the JDK path, use: `flutter config --jdk-dir="path/to/jdk"`.
    • Java version OpenJDK Runtime Environment (build 21.0.10+-14961533-b1163.108)
    • All Android licenses accepted.

[✓] Chrome - develop for the web [691ms]
    • Chrome at C:\Program Files\Google\Chrome\Application\chrome.exe

[✓] Visual Studio - develop Windows apps (Visual Studio Community 2026 18.5.3) [686ms]
    • Visual Studio at C:\Program Files\Microsoft Visual Studio\18\Community
    • Visual Studio Community 2026 version 18.5.11801.241
    • Windows 10 SDK version 10.0.26100.0

[✓] Connected device (3 available) [1,944ms]
    • Windows (desktop) • windows • windows-x64    • Microsoft Windows [Version 10.0.26200.8457]
    • Chrome (web)      • chrome  • web-javascript • Google Chrome 148.0.7778.168
    • Edge (web)        • edge    • web-javascript • Microsoft Edge 148.0.3967.54

[✓] Network resources [1,380ms]
    • All expected network resources are available.

• No issues found!
```
